---
source: day_11/src/lib.rs
expression: part_2(&input).unwrap()
---
.XXX..XXXX.XXX..XXXX.XXX..XXX..X..X..XX....
.X..X....X.X..X.X....X..X.X..X.X.X..X..X...
.X..X...X..X..X.XXX..X..X.X..X.XX...X......
.XXX...X...XXX..X....XXX..XXX..X.X..X......
.X....X....X.X..X....X....X.X..X.X..X..X...
.X....XXXX.X..X.X....X....X..X.X..X..XX....
